// Jest Snapshot v1, https://goo.gl/fbAQLP

exports[`<Header /> should render component 1`] = `
<header
  class="sc-AxhCb iuxROu"
  data-testid="header"
>
  <div
    class="sc-AxhUy gcCRfg"
  >
    <a
      href="/"
    >
      <img
        alt="Bexs logo"
        src="logo.png"
        srcset="logo@2x.png 2x"
      />
    </a>
    <button
      class="sc-AxirZ xiPux"
      data-testid="toggle-button"
      type="button"
    >
      <svg
        fill="currentColor"
        height="40"
        size="40"
        stroke="currentColor"
        stroke-width="0"
        viewBox="0 0 24 24"
        width="40"
        xmlns="http://www.w3.org/2000/svg"
      >
        <path
          d="M3 18h18v-2H3v2zm0-5h18v-2H3v2zm0-7v2h18V6H3z"
        />
      </svg>
    </button>
    <nav
      class="sc-AxjAm bDrSHG"
    >
      <ul
        class="sc-AxiKw kuWfqk"
        data-testid="nav"
      >
        <li>
          <a
            href="/"
          >
            Home
          </a>
        </li>
        <li>
          <a
            href="/checkout"
          >
            Checkout
          </a>
        </li>
        <li>
          <a
            href="/carteira"
          >
            Carteira
          </a>
        </li>
      </ul>
    </nav>
  </div>
</header>
`;
