// Jest Snapshot v1, https://goo.gl/fbAQLP

exports[`<Layout /> should be render component 1`] = `
<section
  data-testid="layout"
>
  <header
    class="sc-AxjAm guAoyL"
    data-testid="header"
  >
    <a
      href="/"
    >
      <img
        alt="Bexs logo"
        src="logo.png"
        srcset="logo@2x.png 2x"
      />
    </a>
    <ul
      data-testid="nav"
    >
      <li>
        <a
          href="/"
        >
          Home
        </a>
      </li>
      <li>
        <a
          href="/carteira"
        >
          Carteira
        </a>
      </li>
      <li>
        <a
          href="/checkout"
        >
          Checkout
        </a>
      </li>
    </ul>
  </header>
  <div
    data-testid="shop-page"
  />
</section>
`;
