// Jest Snapshot v1, https://goo.gl/fbAQLP

exports[`<Layout /> should be render component 1`] = `
<section
  data-testid="layout"
>
  <header
    data-testid="header"
  >
    <img
      alt="Bexs logo"
      src="logo.png"
    />
    <ul
      data-testid="nav"
    >
      <li>
        <a
          href="/"
        >
          Home
        </a>
      </li>
      <li>
        <a
          href="/carteira"
        >
          Carteira
        </a>
      </li>
      <li>
        <a
          href="/checkout"
        >
          Checkout
        </a>
      </li>
    </ul>
  </header>
  <div
    data-testid="shop-page"
  />
</section>
`;
