// Jest Snapshot v1, https://goo.gl/fbAQLP

exports[`<Nav /> should be render component 1`] = `
<ul
  class="sc-AxiKw kuWfqk"
  data-testid="nav"
>
  <li>
    <a
      href="/"
    >
      Home
    </a>
  </li>
  <li>
    <a
      href="/checkout"
    >
      Checkout
    </a>
  </li>
  <li>
    <a
      href="/carteira"
    >
      Carteira
    </a>
  </li>
</ul>
`;
